Archive member included because of file (symbol)

c:/program files (x86)/gnu tools arm embedded/4.9 2015q1/bin/../lib/gcc/arm-none-eabi/4.9.3/armv6-m\libgcc.a(_udivsi3.o)
                              bin/obj/system_LPC11Uxx.o (__aeabi_uidiv)
c:/program files (x86)/gnu tools arm embedded/4.9 2015q1/bin/../lib/gcc/arm-none-eabi/4.9.3/armv6-m\libgcc.a(_divsi3.o)
                              bin/obj/fifo.o (__aeabi_idivmod)
c:/program files (x86)/gnu tools arm embedded/4.9 2015q1/bin/../lib/gcc/arm-none-eabi/4.9.3/armv6-m\libgcc.a(_dvmd_tls.o)
                              c:/program files (x86)/gnu tools arm embedded/4.9 2015q1/bin/../lib/gcc/arm-none-eabi/4.9.3/armv6-m\libgcc.a(_udivsi3.o) (__aeabi_idiv0)
c:/program files (x86)/gnu tools arm embedded/4.9 2015q1/bin/../lib/gcc/arm-none-eabi/4.9.3/armv6-m\libgcc.a(_arm_cmpdf2.o)
                              bin/obj/stdio.o (__aeabi_dcmpeq)
c:/program files (x86)/gnu tools arm embedded/4.9 2015q1/bin/../lib/gcc/arm-none-eabi/4.9.3/armv6-m\libgcc.a(adddf3.o)
                              bin/obj/stdio.o (__aeabi_dadd)
c:/program files (x86)/gnu tools arm embedded/4.9 2015q1/bin/../lib/gcc/arm-none-eabi/4.9.3/armv6-m\libgcc.a(divdf3.o)
                              bin/obj/stdio.o (__aeabi_ddiv)
c:/program files (x86)/gnu tools arm embedded/4.9 2015q1/bin/../lib/gcc/arm-none-eabi/4.9.3/armv6-m\libgcc.a(eqdf2.o)
                              c:/program files (x86)/gnu tools arm embedded/4.9 2015q1/bin/../lib/gcc/arm-none-eabi/4.9.3/armv6-m\libgcc.a(_arm_cmpdf2.o) (__eqdf2)
c:/program files (x86)/gnu tools arm embedded/4.9 2015q1/bin/../lib/gcc/arm-none-eabi/4.9.3/armv6-m\libgcc.a(gedf2.o)
                              c:/program files (x86)/gnu tools arm embedded/4.9 2015q1/bin/../lib/gcc/arm-none-eabi/4.9.3/armv6-m\libgcc.a(_arm_cmpdf2.o) (__gedf2)
c:/program files (x86)/gnu tools arm embedded/4.9 2015q1/bin/../lib/gcc/arm-none-eabi/4.9.3/armv6-m\libgcc.a(ledf2.o)
                              c:/program files (x86)/gnu tools arm embedded/4.9 2015q1/bin/../lib/gcc/arm-none-eabi/4.9.3/armv6-m\libgcc.a(_arm_cmpdf2.o) (__ledf2)
c:/program files (x86)/gnu tools arm embedded/4.9 2015q1/bin/../lib/gcc/arm-none-eabi/4.9.3/armv6-m\libgcc.a(muldf3.o)
                              bin/obj/stdio.o (__aeabi_dmul)
c:/program files (x86)/gnu tools arm embedded/4.9 2015q1/bin/../lib/gcc/arm-none-eabi/4.9.3/armv6-m\libgcc.a(subdf3.o)
                              bin/obj/stdio.o (__aeabi_dsub)
c:/program files (x86)/gnu tools arm embedded/4.9 2015q1/bin/../lib/gcc/arm-none-eabi/4.9.3/armv6-m\libgcc.a(fixdfsi.o)
                              bin/obj/stdio.o (__aeabi_d2iz)
c:/program files (x86)/gnu tools arm embedded/4.9 2015q1/bin/../lib/gcc/arm-none-eabi/4.9.3/armv6-m\libgcc.a(floatsidf.o)
                              bin/obj/stdio.o (__aeabi_i2d)
c:/program files (x86)/gnu tools arm embedded/4.9 2015q1/bin/../lib/gcc/arm-none-eabi/4.9.3/armv6-m\libgcc.a(_clzsi2.o)
                              c:/program files (x86)/gnu tools arm embedded/4.9 2015q1/bin/../lib/gcc/arm-none-eabi/4.9.3/armv6-m\libgcc.a(adddf3.o) (__clzsi2)

Allocating common symbols
Common symbol       size              file

ff_cdc_tx_buffer    0x40              bin/obj/usb_cdc.o
ff_cdc_rx_buffer    0x40              bin/obj/usb_cdc.o
g_hUsb              0x4               bin/obj/usbd.o

Discarded input sections

 .text          0x00000000        0x0 bin/obj/startup_lpc11u_gnumake.o
 .data          0x00000000        0x0 bin/obj/startup_lpc11u_gnumake.o
 .bss           0x00000000        0x0 bin/obj/startup_lpc11u_gnumake.o
 .text          0x00000000        0x0 bin/obj/system_LPC11Uxx.o
 .data          0x00000000        0x0 bin/obj/system_LPC11Uxx.o
 .bss           0x00000000        0x0 bin/obj/system_LPC11Uxx.o
 .text          0x00000000        0x0 bin/obj/printf-retarget.o
 .data          0x00000000        0x0 bin/obj/printf-retarget.o
 .bss           0x00000000        0x0 bin/obj/printf-retarget.o
 .text.__putchar
                0x00000000       0x24 bin/obj/printf-retarget.o
 .text.puts     0x00000000       0x1c bin/obj/printf-retarget.o
 .debug_info    0x00000000      0x171 bin/obj/printf-retarget.o
 .debug_abbrev  0x00000000      0x12a bin/obj/printf-retarget.o
 .debug_loc     0x00000000       0x3f bin/obj/printf-retarget.o
 .debug_aranges
                0x00000000       0x28 bin/obj/printf-retarget.o
 .debug_ranges  0x00000000       0x18 bin/obj/printf-retarget.o
 .debug_line    0x00000000      0x161 bin/obj/printf-retarget.o
 .debug_str     0x00000000      0x1ee bin/obj/printf-retarget.o
 .comment       0x00000000       0x71 bin/obj/printf-retarget.o
 .debug_frame   0x00000000       0x40 bin/obj/printf-retarget.o
 .ARM.attributes
                0x00000000       0x31 bin/obj/printf-retarget.o
 .text          0x00000000        0x0 bin/obj/main.o
 .data          0x00000000        0x0 bin/obj/main.o
 .bss           0x00000000        0x0 bin/obj/main.o
 .text          0x00000000        0x0 bin/obj/delay.o
 .data          0x00000000        0x0 bin/obj/delay.o
 .bss           0x00000000        0x0 bin/obj/delay.o
 .text.delayGetTicks
                0x00000000        0xc bin/obj/delay.o
 .text.delayGetRollovers
                0x00000000        0xc bin/obj/delay.o
 .text          0x00000000        0x0 bin/obj/fifo.o
 .data          0x00000000        0x0 bin/obj/fifo.o
 .bss           0x00000000        0x0 bin/obj/fifo.o
 .text.fifo_peek
                0x00000000       0x48 bin/obj/fifo.o
 .text          0x00000000        0x0 bin/obj/gpio.o
 .data          0x00000000        0x0 bin/obj/gpio.o
 .bss           0x00000000        0x0 bin/obj/gpio.o
 .text.GPIOSetPinInterrupt
                0x00000000      0x16c bin/obj/gpio.o
 .rodata.GPIOSetPinInterrupt
                0x00000000       0x20 bin/obj/gpio.o
 .text.GPIOPinIntEnable
                0x00000000       0x28 bin/obj/gpio.o
 .text.GPIOPinIntDisable
                0x00000000       0x28 bin/obj/gpio.o
 .text.GPIOPinIntStatus
                0x00000000       0x18 bin/obj/gpio.o
 .text.GPIOPinIntClear
                0x00000000       0x14 bin/obj/gpio.o
 .text.GPIOSetGroupedInterrupt
                0x00000000       0xd4 bin/obj/gpio.o
 .text.GPIOGetPinValue
                0x00000000       0x3c bin/obj/gpio.o
 .text          0x00000000        0x0 bin/obj/stdio.o
 .data          0x00000000        0x0 bin/obj/stdio.o
 .bss           0x00000000        0x0 bin/obj/stdio.o
 .text.append_char
                0x00000000        0x8 bin/obj/stdio.o
 .text.PutString
                0x00000000       0x30 bin/obj/stdio.o
 .text.snprintf
                0x00000000       0x18 bin/obj/stdio.o
 .text.vsprintf
                0x00000000       0x10 bin/obj/stdio.o
 .text.vprintf  0x00000000       0x44 bin/obj/stdio.o
 .text.printf   0x00000000       0x18 bin/obj/stdio.o
 .rodata.str1.4
                0x00000000       0x30 bin/obj/stdio.o
 .text          0x00000000        0x0 bin/obj/string.o
 .data          0x00000000        0x0 bin/obj/string.o
 .bss           0x00000000        0x0 bin/obj/string.o
 .text.memmove  0x00000000       0x30 bin/obj/string.o
 .text.memcmp   0x00000000       0x28 bin/obj/string.o
 .text.strchr   0x00000000       0x1c bin/obj/string.o
 .text.strrchr  0x00000000       0x1c bin/obj/string.o
 .text.strcpy   0x00000000       0x18 bin/obj/string.o
 .text.strncmp  0x00000000       0x30 bin/obj/string.o
 .text.strncpy  0x00000000       0x2c bin/obj/string.o
 .text.strcmp   0x00000000       0x1c bin/obj/string.o
 .text.strtok_r
                0x00000000       0x5c bin/obj/string.o
 .text.strtok   0x00000000       0x10 bin/obj/string.o
 .bss.last.4092
                0x00000000        0x4 bin/obj/string.o
 .text          0x00000000        0x0 bin/obj/descriptors.o
 .data          0x00000000        0x0 bin/obj/descriptors.o
 .bss           0x00000000        0x0 bin/obj/descriptors.o
 .text          0x00000000        0x0 bin/obj/usb_cdc.o
 .data          0x00000000        0x0 bin/obj/usb_cdc.o
 .bss           0x00000000        0x0 bin/obj/usb_cdc.o
 .text.usb_cdc_isConnected
                0x00000000        0xc bin/obj/usb_cdc.o
 .text.usb_cdc_send
                0x00000000       0x2c bin/obj/usb_cdc.o
 .text.usb_cdc_recv
                0x00000000       0x20 bin/obj/usb_cdc.o
 .text          0x00000000        0x0 bin/obj/usbd.o
 .data          0x00000000        0x0 bin/obj/usbd.o
 .bss           0x00000000        0x0 bin/obj/usbd.o
 .data          0x00000000        0x0 c:/program files (x86)/gnu tools arm embedded/4.9 2015q1/bin/../lib/gcc/arm-none-eabi/4.9.3/armv6-m\libgcc.a(_udivsi3.o)
 .bss           0x00000000        0x0 c:/program files (x86)/gnu tools arm embedded/4.9 2015q1/bin/../lib/gcc/arm-none-eabi/4.9.3/armv6-m\libgcc.a(_udivsi3.o)
 .data          0x00000000        0x0 c:/program files (x86)/gnu tools arm embedded/4.9 2015q1/bin/../lib/gcc/arm-none-eabi/4.9.3/armv6-m\libgcc.a(_divsi3.o)
 .bss           0x00000000        0x0 c:/program files (x86)/gnu tools arm embedded/4.9 2015q1/bin/../lib/gcc/arm-none-eabi/4.9.3/armv6-m\libgcc.a(_divsi3.o)
 .data          0x00000000        0x0 c:/program files (x86)/gnu tools arm embedded/4.9 2015q1/bin/../lib/gcc/arm-none-eabi/4.9.3/armv6-m\libgcc.a(_dvmd_tls.o)
 .bss           0x00000000        0x0 c:/program files (x86)/gnu tools arm embedded/4.9 2015q1/bin/../lib/gcc/arm-none-eabi/4.9.3/armv6-m\libgcc.a(_dvmd_tls.o)
 .data          0x00000000        0x0 c:/program files (x86)/gnu tools arm embedded/4.9 2015q1/bin/../lib/gcc/arm-none-eabi/4.9.3/armv6-m\libgcc.a(_arm_cmpdf2.o)
 .bss           0x00000000        0x0 c:/program files (x86)/gnu tools arm embedded/4.9 2015q1/bin/../lib/gcc/arm-none-eabi/4.9.3/armv6-m\libgcc.a(_arm_cmpdf2.o)
 .data          0x00000000        0x0 c:/program files (x86)/gnu tools arm embedded/4.9 2015q1/bin/../lib/gcc/arm-none-eabi/4.9.3/armv6-m\libgcc.a(adddf3.o)
 .bss           0x00000000        0x0 c:/program files (x86)/gnu tools arm embedded/4.9 2015q1/bin/../lib/gcc/arm-none-eabi/4.9.3/armv6-m\libgcc.a(adddf3.o)
 .data          0x00000000        0x0 c:/program files (x86)/gnu tools arm embedded/4.9 2015q1/bin/../lib/gcc/arm-none-eabi/4.9.3/armv6-m\libgcc.a(divdf3.o)
 .bss           0x00000000        0x0 c:/program files (x86)/gnu tools arm embedded/4.9 2015q1/bin/../lib/gcc/arm-none-eabi/4.9.3/armv6-m\libgcc.a(divdf3.o)
 .data          0x00000000        0x0 c:/program files (x86)/gnu tools arm embedded/4.9 2015q1/bin/../lib/gcc/arm-none-eabi/4.9.3/armv6-m\libgcc.a(eqdf2.o)
 .bss           0x00000000        0x0 c:/program files (x86)/gnu tools arm embedded/4.9 2015q1/bin/../lib/gcc/arm-none-eabi/4.9.3/armv6-m\libgcc.a(eqdf2.o)
 .data          0x00000000        0x0 c:/program files (x86)/gnu tools arm embedded/4.9 2015q1/bin/../lib/gcc/arm-none-eabi/4.9.3/armv6-m\libgcc.a(gedf2.o)
 .bss           0x00000000        0x0 c:/program files (x86)/gnu tools arm embedded/4.9 2015q1/bin/../lib/gcc/arm-none-eabi/4.9.3/armv6-m\libgcc.a(gedf2.o)
 .data          0x00000000        0x0 c:/program files (x86)/gnu tools arm embedded/4.9 2015q1/bin/../lib/gcc/arm-none-eabi/4.9.3/armv6-m\libgcc.a(ledf2.o)
 .bss           0x00000000        0x0 c:/program files (x86)/gnu tools arm embedded/4.9 2015q1/bin/../lib/gcc/arm-none-eabi/4.9.3/armv6-m\libgcc.a(ledf2.o)
 .data          0x00000000        0x0 c:/program files (x86)/gnu tools arm embedded/4.9 2015q1/bin/../lib/gcc/arm-none-eabi/4.9.3/armv6-m\libgcc.a(muldf3.o)
 .bss           0x00000000        0x0 c:/program files (x86)/gnu tools arm embedded/4.9 2015q1/bin/../lib/gcc/arm-none-eabi/4.9.3/armv6-m\libgcc.a(muldf3.o)
 .data          0x00000000        0x0 c:/program files (x86)/gnu tools arm embedded/4.9 2015q1/bin/../lib/gcc/arm-none-eabi/4.9.3/armv6-m\libgcc.a(subdf3.o)
 .bss           0x00000000        0x0 c:/program files (x86)/gnu tools arm embedded/4.9 2015q1/bin/../lib/gcc/arm-none-eabi/4.9.3/armv6-m\libgcc.a(subdf3.o)
 .data          0x00000000        0x0 c:/program files (x86)/gnu tools arm embedded/4.9 2015q1/bin/../lib/gcc/arm-none-eabi/4.9.3/armv6-m\libgcc.a(fixdfsi.o)
 .bss           0x00000000        0x0 c:/program files (x86)/gnu tools arm embedded/4.9 2015q1/bin/../lib/gcc/arm-none-eabi/4.9.3/armv6-m\libgcc.a(fixdfsi.o)
 .data          0x00000000        0x0 c:/program files (x86)/gnu tools arm embedded/4.9 2015q1/bin/../lib/gcc/arm-none-eabi/4.9.3/armv6-m\libgcc.a(floatsidf.o)
 .bss           0x00000000        0x0 c:/program files (x86)/gnu tools arm embedded/4.9 2015q1/bin/../lib/gcc/arm-none-eabi/4.9.3/armv6-m\libgcc.a(floatsidf.o)
 .data          0x00000000        0x0 c:/program files (x86)/gnu tools arm embedded/4.9 2015q1/bin/../lib/gcc/arm-none-eabi/4.9.3/armv6-m\libgcc.a(_clzsi2.o)
 .bss           0x00000000        0x0 c:/program files (x86)/gnu tools arm embedded/4.9 2015q1/bin/../lib/gcc/arm-none-eabi/4.9.3/armv6-m\libgcc.a(_clzsi2.o)

Memory Configuration

Name             Origin             Length             Attributes
irom             0x00000000         0x00040000         xr
isram            0x10000000         0x00008000         xrw
*default*        0x00000000         0xffffffff

Linker script and memory map

LOAD c:/program files (x86)/gnu tools arm embedded/4.9 2015q1/bin/../lib/gcc/arm-none-eabi/4.9.3/../../../../arm-none-eabi/lib/armv6-m\libm.a
LOAD bin/obj/startup_lpc11u_gnumake.o
LOAD bin/obj/system_LPC11Uxx.o
LOAD bin/obj/printf-retarget.o
LOAD bin/obj/main.o
LOAD bin/obj/delay.o
LOAD bin/obj/fifo.o
LOAD bin/obj/gpio.o
LOAD bin/obj/stdio.o
LOAD bin/obj/string.o
LOAD bin/obj/descriptors.o
LOAD bin/obj/usb_cdc.o
LOAD bin/obj/usbd.o
LOAD c:/program files (x86)/gnu tools arm embedded/4.9 2015q1/bin/../lib/gcc/arm-none-eabi/4.9.3/../../../../arm-none-eabi/lib/armv6-m\libm.a
START GROUP
LOAD c:/program files (x86)/gnu tools arm embedded/4.9 2015q1/bin/../lib/gcc/arm-none-eabi/4.9.3/armv6-m\libgcc.a
LOAD c:/program files (x86)/gnu tools arm embedded/4.9 2015q1/bin/../lib/gcc/arm-none-eabi/4.9.3/../../../../arm-none-eabi/lib/armv6-m\libc.a
END GROUP
                0x10008000                __StackTop = (ORIGIN (isram) + 0x8000)

.text           0x00000000     0x3318
                0x00000000                __text_start = .
 FILL mask 0xff
 *(.isr_vector_table)
 .isr_vector_table
                0x00000000       0xc0 bin/obj/startup_lpc11u_gnumake.o
                0x00000000                Vectors
 *(.after_vectors*)
 .after_vectors
                0x000000c0       0x78 bin/obj/startup_lpc11u_gnumake.o
                0x000000c0                NMI_Handler
                0x000000c4                HardFault_Handler
                0x000000c8                SVC_Handler
                0x000000cc                PendSV_Handler
                0x000000d4                UART_IRQHandler
                0x000000d4                TIMER32_0_IRQHandler
                0x000000d4                FLEX_INT7_IRQHandler
                0x000000d4                TIMER32_1_IRQHandler
                0x000000d4                FLEX_INT1_IRQHandler
                0x000000d4                IntDefaultHandler
                0x000000d4                SSP0_IRQHandler
                0x000000d4                FMC_IRQHandler
                0x000000d4                USBWakeup_IRQHandler
                0x000000d4                FLEX_INT0_IRQHandler
                0x000000d4                FLEX_INT2_IRQHandler
                0x000000d4                TIMER16_1_IRQHandler
                0x000000d4                USB_FIQHandler
                0x000000d4                FLEX_INT5_IRQHandler
                0x000000d4                ADC_IRQHandler
                0x000000d4                SSP1_IRQHandler
                0x000000d4                FLEX_INT3_IRQHandler
                0x000000d4                BOD_IRQHandler
                0x000000d4                I2C_IRQHandler
                0x000000d4                WDT_IRQHandler
                0x000000d4                TIMER16_0_IRQHandler
                0x000000d4                GINT0_IRQHandler
                0x000000d4                FLEX_INT4_IRQHandler
                0x000000d4                FLEX_INT6_IRQHandler
                0x000000d4                GINT1_IRQHandler
                0x000000d8                Reset_Handler
 *(.text*)
 .text.SystemCoreClockUpdate
                0x00000138       0xa0 bin/obj/system_LPC11Uxx.o
                0x00000138                SystemCoreClockUpdate
 .text.SystemInit
                0x000001d8       0xe0 bin/obj/system_LPC11Uxx.o
                0x000001d8                SystemInit
 .text.startup.main
                0x000002b8       0xac bin/obj/main.o
                0x000002b8                main
 .text.SysTick_Handler
                0x00000364       0x20 bin/obj/delay.o
                0x00000364                SysTick_Handler
 .text.delayInit
                0x00000384       0x4c bin/obj/delay.o
                0x00000384                delayInit
 .text.delay    0x000003d0       0x3c bin/obj/delay.o
                0x000003d0                delay
 .text.delayGetSecondsActive
                0x0000040c       0x28 bin/obj/delay.o
                0x0000040c                delayGetSecondsActive
 .text.fifo_read
                0x00000434       0x80 bin/obj/fifo.o
                0x00000434                fifo_read
 .text.fifo_readArray
                0x000004b4       0x30 bin/obj/fifo.o
                0x000004b4                fifo_readArray
 .text.fifo_write
                0x000004e4       0x94 bin/obj/fifo.o
                0x000004e4                fifo_write
 .text.fifo_clear
                0x00000578       0x34 bin/obj/fifo.o
                0x00000578                fifo_clear
 .text.GPIOInit
                0x000005ac       0x1c bin/obj/gpio.o
                0x000005ac                GPIOInit
 .text.GPIOSetBitValue
                0x000005c8       0x20 bin/obj/gpio.o
                0x000005c8                GPIOSetBitValue
 .text.GPIOSetDir
                0x000005e8       0x2c bin/obj/gpio.o
                0x000005e8                GPIOSetDir
 .text.PutUnsignedInt
                0x00000614       0x58 bin/obj/stdio.o
                0x00000614                PutUnsignedInt
 .text.PutSignedInt
                0x0000066c       0x94 bin/obj/stdio.o
                0x0000066c                PutSignedInt
 .text.PutHexa  0x00000700       0x58 bin/obj/stdio.o
                0x00000700                PutHexa
 .text.PutFloat
                0x00000758       0xa4 bin/obj/stdio.o
                0x00000758                PutFloat
 .text.PutFloatE
                0x000007fc      0x144 bin/obj/stdio.o
                0x000007fc                PutFloatE
 .text.PutFloatEE
                0x00000940      0x140 bin/obj/stdio.o
                0x00000940                PutFloatEE
 .text.vsnprintf
                0x00000a80      0x218 bin/obj/stdio.o
                0x00000a80                vsnprintf
 .text.sprintf  0x00000c98       0x1c bin/obj/stdio.o
                0x00000c98                sprintf
 .text.memcpy   0x00000cb4       0x40 bin/obj/string.o
                0x00000cb4                memcpy
 .text.memset   0x00000cf4       0x44 bin/obj/string.o
                0x00000cf4                memset
 .text.strlen   0x00000d38       0x18 bin/obj/string.o
                0x00000d38                strlen
 .text.CDC_SendBreak
                0x00000d50        0x4 bin/obj/usb_cdc.o
                0x00000d50                CDC_SendBreak
 .text.CDC_SetLineCoding
                0x00000d54       0x1c bin/obj/usb_cdc.o
                0x00000d54                CDC_SetLineCoding
 .text.CDC_BulkIn_Hdlr
                0x00000d70       0x44 bin/obj/usb_cdc.o
                0x00000d70                CDC_BulkIn_Hdlr
 .text.usb_cdc_recv_isr_default
                0x00000db4        0x4 bin/obj/usb_cdc.o
                0x00000db4                usb_cdc_recv_isr
                0x00000db4                usb_cdc_recv_isr_default
 .text.CDC_BulkOut_Hdlr
                0x00000db8       0x58 bin/obj/usb_cdc.o
                0x00000db8                CDC_BulkOut_Hdlr
 .text.usb_cdc_putc
                0x00000e10       0x44 bin/obj/usb_cdc.o
                0x00000e10                usb_cdc_putc
 .text.usb_cdc_getc
                0x00000e54       0x18 bin/obj/usb_cdc.o
                0x00000e54                usb_cdc_getc
 .text.usb_cdc_init
                0x00000e6c       0xc4 bin/obj/usb_cdc.o
                0x00000e6c                usb_cdc_init
 .text.usb_cdc_configured
                0x00000f30       0x44 bin/obj/usb_cdc.o
                0x00000f30                usb_cdc_configured
 .text.USB_Reset_Event
                0x00000f74       0x10 bin/obj/usbd.o
                0x00000f74                USB_Reset_Event
 .text.USB_Configure_Event
                0x00000f84       0x24 bin/obj/usbd.o
                0x00000f84                USB_Configure_Event
 .text.usb_isConfigured
                0x00000fa8        0xc bin/obj/usbd.o
                0x00000fa8                usb_isConfigured
 .text.usb_init
                0x00000fb4      0x190 bin/obj/usbd.o
                0x00000fb4                usb_init
 .text.USB_IRQHandler
                0x00001144       0x1c bin/obj/usbd.o
                0x00001144                USB_IRQHandler
 .text          0x00001160      0x120 c:/program files (x86)/gnu tools arm embedded/4.9 2015q1/bin/../lib/gcc/arm-none-eabi/4.9.3/armv6-m\libgcc.a(_udivsi3.o)
                0x00001160                __aeabi_uidiv
                0x00001160                __udivsi3
                0x0000126c                __aeabi_uidivmod
 .text          0x00001280      0x1e0 c:/program files (x86)/gnu tools arm embedded/4.9 2015q1/bin/../lib/gcc/arm-none-eabi/4.9.3/armv6-m\libgcc.a(_divsi3.o)
                0x00001280                __divsi3
                0x00001280                __aeabi_idiv
                0x0000144c                __aeabi_idivmod
 .text          0x00001460        0x4 c:/program files (x86)/gnu tools arm embedded/4.9 2015q1/bin/../lib/gcc/arm-none-eabi/4.9.3/armv6-m\libgcc.a(_dvmd_tls.o)
                0x00001460                __aeabi_idiv0
                0x00001460                __aeabi_ldiv0
 .text          0x00001464       0x7c c:/program files (x86)/gnu tools arm embedded/4.9 2015q1/bin/../lib/gcc/arm-none-eabi/4.9.3/armv6-m\libgcc.a(_arm_cmpdf2.o)
                0x00001464                __aeabi_cdrcmple
                0x00001474                __aeabi_cdcmple
                0x00001474                __aeabi_cdcmpeq
                0x00001484                __aeabi_dcmpeq
                0x00001490                __aeabi_dcmplt
                0x000014a4                __aeabi_dcmple
                0x000014b8                __aeabi_dcmpgt
                0x000014cc                __aeabi_dcmpge
 .text          0x000014e0      0x650 c:/program files (x86)/gnu tools arm embedded/4.9 2015q1/bin/../lib/gcc/arm-none-eabi/4.9.3/armv6-m\libgcc.a(adddf3.o)
                0x000014e0                __aeabi_dadd
 .text          0x00001b30      0x648 c:/program files (x86)/gnu tools arm embedded/4.9 2015q1/bin/../lib/gcc/arm-none-eabi/4.9.3/armv6-m\libgcc.a(divdf3.o)
                0x00001b30                __aeabi_ddiv
 .text          0x00002178       0x88 c:/program files (x86)/gnu tools arm embedded/4.9 2015q1/bin/../lib/gcc/arm-none-eabi/4.9.3/armv6-m\libgcc.a(eqdf2.o)
                0x00002178                __nedf2
                0x00002178                __eqdf2
 .text          0x00002200       0xe0 c:/program files (x86)/gnu tools arm embedded/4.9 2015q1/bin/../lib/gcc/arm-none-eabi/4.9.3/armv6-m\libgcc.a(gedf2.o)
                0x00002200                __gedf2
                0x00002200                __gtdf2
 .text          0x000022e0       0xcc c:/program files (x86)/gnu tools arm embedded/4.9 2015q1/bin/../lib/gcc/arm-none-eabi/4.9.3/armv6-m\libgcc.a(ledf2.o)
                0x000022e0                __ledf2
                0x000022e0                __ltdf2
 .text          0x000023ac      0x534 c:/program files (x86)/gnu tools arm embedded/4.9 2015q1/bin/../lib/gcc/arm-none-eabi/4.9.3/armv6-m\libgcc.a(muldf3.o)
                0x000023ac                __aeabi_dmul
 .text          0x000028e0      0x6f4 c:/program files (x86)/gnu tools arm embedded/4.9 2015q1/bin/../lib/gcc/arm-none-eabi/4.9.3/armv6-m\libgcc.a(subdf3.o)
                0x000028e0                __aeabi_dsub
 .text          0x00002fd4       0x6c c:/program files (x86)/gnu tools arm embedded/4.9 2015q1/bin/../lib/gcc/arm-none-eabi/4.9.3/armv6-m\libgcc.a(fixdfsi.o)
                0x00002fd4                __aeabi_d2iz
 .text          0x00003040       0x78 c:/program files (x86)/gnu tools arm embedded/4.9 2015q1/bin/../lib/gcc/arm-none-eabi/4.9.3/armv6-m\libgcc.a(floatsidf.o)
                0x00003040                __aeabi_i2d
 .text          0x000030b8       0x3c c:/program files (x86)/gnu tools arm embedded/4.9 2015q1/bin/../lib/gcc/arm-none-eabi/4.9.3/armv6-m\libgcc.a(_clzsi2.o)
                0x000030b8                __clzsi2
 *(.rodata .rodata.*)
 .rodata.CSWTCH.9
                0x000030f4       0x3c bin/obj/system_LPC11Uxx.o
 .rodata.vsnprintf
                0x00003130       0xd0 bin/obj/stdio.o
 .rodata.USB_FsConfigDescriptor
                0x00003200       0x40 bin/obj/descriptors.o
                0x00003200                USB_FsConfigDescriptor
 .rodata.USB_DeviceDescriptor
                0x00003240       0x14 bin/obj/descriptors.o
                0x00003240                USB_DeviceDescriptor
 .rodata        0x00003254       0x14 bin/obj/usbd.o
 .rodata.str1.4
                0x00003268       0x30 bin/obj/usbd.o
 .rodata        0x00003298       0x40 c:/program files (x86)/gnu tools arm embedded/4.9 2015q1/bin/../lib/gcc/arm-none-eabi/4.9.3/armv6-m\libgcc.a(divdf3.o)
 .rodata        0x000032d8       0x40 c:/program files (x86)/gnu tools arm embedded/4.9 2015q1/bin/../lib/gcc/arm-none-eabi/4.9.3/armv6-m\libgcc.a(muldf3.o)
                0x00003318                . = ALIGN (0x4)
                0x00003318                __text_end = .

.glue_7         0x00003318        0x0
 .glue_7        0x00000000        0x0 linker stubs

.glue_7t        0x00003318        0x0
 .glue_7t       0x00000000        0x0 linker stubs

.vfp11_veneer   0x00003318        0x0
 .vfp11_veneer  0x00000000        0x0 linker stubs

.v4_bx          0x00003318        0x0
 .v4_bx         0x00000000        0x0 linker stubs

.iplt           0x00003318        0x0
 .iplt          0x00000000        0x0 bin/obj/startup_lpc11u_gnumake.o

.rel.dyn        0x00003318        0x0
 .rel.iplt      0x00000000        0x0 bin/obj/startup_lpc11u_gnumake.o

.bss            0x10000100       0xa8
                0x10000100                __bss_start = .
 *(.bss*)
 .bss.Cur_State
                0x10000100        0x1 bin/obj/main.o
                0x10000100                Cur_State
 *fill*         0x10000101        0x3 
 .bss.TimeTick  0x10000104        0x4 bin/obj/main.o
                0x10000104                TimeTick
 .bss.delayRollovers
                0x10000108        0x4 bin/obj/delay.o
                0x10000108                delayRollovers
 .bss.delayTicks
                0x1000010c        0x4 bin/obj/delay.o
                0x1000010c                delayTicks
 .bss.isConnected
                0x10000110        0x1 bin/obj/usb_cdc.o
 *fill*         0x10000111        0x3 
 .bss.line_coding
                0x10000114        0x8 bin/obj/usb_cdc.o
 .bss.g_hCdc    0x1000011c        0x4 bin/obj/usb_cdc.o
 .bss.isConfigured
                0x10000120        0x1 bin/obj/usbd.o
 *(COMMON)
 *fill*         0x10000121        0x3 
 COMMON         0x10000124       0x80 bin/obj/usb_cdc.o
                0x10000124                ff_cdc_tx_buffer
                0x10000164                ff_cdc_rx_buffer
 COMMON         0x100001a4        0x4 bin/obj/usbd.o
                0x100001a4                g_hUsb
 *(.heap)
                0x100001a8                __fixed_heap_end = .
 *(.stack)
                0x100001a8                . = ALIGN (0x4)
                0x100001a8                __bss_end = .
                0x100001a8                PROVIDE (end, .)
                0x00003318                __data_load_addr = LOADADDR (.data)

.data           0x100001a8       0xa4 load address 0x00003318
 FILL mask 0xff
                0x100001a8                __data_start = .
 *(.data*)
 .data.SystemCoreClock
                0x100001a8        0x4 bin/obj/system_LPC11Uxx.o
                0x100001a8                SystemCoreClock
 .data.USB_StringDescriptor
                0x100001ac       0x7c bin/obj/descriptors.o
                0x100001ac                USB_StringDescriptor
 .data.ff_cdc_tx
                0x10000228       0x10 bin/obj/usb_cdc.o
                0x10000228                ff_cdc_tx
 .data.ff_cdc_rx
                0x10000238       0x10 bin/obj/usb_cdc.o
                0x10000238                ff_cdc_rx
 .data.usb_RomDriver_buffer
                0x10000248        0x4 bin/obj/usbd.o
                0x10000248                usb_RomDriver_buffer
                0x1000024c                . = ALIGN (0x4)
                0x1000024c                __data_end = .
                0x1000024c                PROVIDE (_pvHeapStart, .)
OUTPUT(bin/firmware.elf elf32-littlearm)

.igot.plt       0x1000024c        0x0 load address 0x000033bc
 .igot.plt      0x00000000        0x0 bin/obj/startup_lpc11u_gnumake.o

.debug_info     0x00000000     0x8176
 .debug_info    0x00000000      0x19f bin/obj/startup_lpc11u_gnumake.o
 .debug_info    0x0000019f      0x548 bin/obj/system_LPC11Uxx.o
 .debug_info    0x000006e7      0x47c bin/obj/main.o
 .debug_info    0x00000b63      0x4c1 bin/obj/delay.o
 .debug_info    0x00001024      0x7c0 bin/obj/fifo.o
 .debug_info    0x000017e4      0xdf0 bin/obj/gpio.o
 .debug_info    0x000025d4      0xdde bin/obj/stdio.o
 .debug_info    0x000033b2      0x54c bin/obj/string.o
 .debug_info    0x000038fe      0x5b5 bin/obj/descriptors.o
 .debug_info    0x00003eb3     0x1c58 bin/obj/usb_cdc.o
 .debug_info    0x00005b0b     0x266b bin/obj/usbd.o

.debug_abbrev   0x00000000     0x1658
 .debug_abbrev  0x00000000       0xfb bin/obj/startup_lpc11u_gnumake.o
 .debug_abbrev  0x000000fb      0x110 bin/obj/system_LPC11Uxx.o
 .debug_abbrev  0x0000020b      0x12c bin/obj/main.o
 .debug_abbrev  0x00000337      0x1e0 bin/obj/delay.o
 .debug_abbrev  0x00000517      0x2d2 bin/obj/fifo.o
 .debug_abbrev  0x000007e9      0x254 bin/obj/gpio.o
 .debug_abbrev  0x00000a3d      0x2cc bin/obj/stdio.o
 .debug_abbrev  0x00000d09      0x18a bin/obj/string.o
 .debug_abbrev  0x00000e93       0xc4 bin/obj/descriptors.o
 .debug_abbrev  0x00000f57      0x3f0 bin/obj/usb_cdc.o
 .debug_abbrev  0x00001347      0x311 bin/obj/usbd.o

.debug_aranges  0x00000000      0x360
 .debug_aranges
                0x00000000       0x50 bin/obj/startup_lpc11u_gnumake.o
 .debug_aranges
                0x00000050       0x28 bin/obj/system_LPC11Uxx.o
 .debug_aranges
                0x00000078       0x20 bin/obj/main.o
 .debug_aranges
                0x00000098       0x48 bin/obj/delay.o
 .debug_aranges
                0x000000e0       0x40 bin/obj/fifo.o
 .debug_aranges
                0x00000120       0x68 bin/obj/gpio.o
 .debug_aranges
                0x00000188       0x88 bin/obj/stdio.o
 .debug_aranges
                0x00000210       0x80 bin/obj/string.o
 .debug_aranges
                0x00000290       0x18 bin/obj/descriptors.o
 .debug_aranges
                0x000002a8       0x78 bin/obj/usb_cdc.o
 .debug_aranges
                0x00000320       0x40 bin/obj/usbd.o

.debug_ranges   0x00000000      0x4a8
 .debug_ranges  0x00000000       0x40 bin/obj/startup_lpc11u_gnumake.o
 .debug_ranges  0x00000040       0x18 bin/obj/system_LPC11Uxx.o
 .debug_ranges  0x00000058       0x10 bin/obj/main.o
 .debug_ranges  0x00000068       0x50 bin/obj/delay.o
 .debug_ranges  0x000000b8       0xf0 bin/obj/fifo.o
 .debug_ranges  0x000001a8       0x58 bin/obj/gpio.o
 .debug_ranges  0x00000200      0x180 bin/obj/stdio.o
 .debug_ranges  0x00000380       0x70 bin/obj/string.o
 .debug_ranges  0x000003f0       0x68 bin/obj/usb_cdc.o
 .debug_ranges  0x00000458       0x50 bin/obj/usbd.o

.debug_line     0x00000000     0x1adc
 .debug_line    0x00000000       0xa6 bin/obj/startup_lpc11u_gnumake.o
 .debug_line    0x000000a6      0x1bc bin/obj/system_LPC11Uxx.o
 .debug_line    0x00000262      0x1ad bin/obj/main.o
 .debug_line    0x0000040f      0x1eb bin/obj/delay.o
 .debug_line    0x000005fa      0x2f7 bin/obj/fifo.o
 .debug_line    0x000008f1      0x2c5 bin/obj/gpio.o
 .debug_line    0x00000bb6      0x427 bin/obj/stdio.o
 .debug_line    0x00000fdd      0x266 bin/obj/string.o
 .debug_line    0x00001243      0x143 bin/obj/descriptors.o
 .debug_line    0x00001386      0x3c4 bin/obj/usb_cdc.o
 .debug_line    0x0000174a      0x392 bin/obj/usbd.o

.debug_str      0x00000000     0x25f0
 .debug_str     0x00000000      0x230 bin/obj/startup_lpc11u_gnumake.o
                                0x264 (size before relaxing)
 .debug_str     0x00000230      0x2bb bin/obj/system_LPC11Uxx.o
                                0x449 (size before relaxing)
 .debug_str     0x000004eb      0x6a5 bin/obj/main.o
                                0x85b (size before relaxing)
 .debug_str     0x00000b90      0x31a bin/obj/delay.o
                                0x519 (size before relaxing)
 .debug_str     0x00000eaa      0x122 bin/obj/fifo.o
                                0x538 (size before relaxing)
 .debug_str     0x00000fcc      0x17f bin/obj/gpio.o
                                0x808 (size before relaxing)
 .debug_str     0x0000114b      0x10c bin/obj/stdio.o
                                0x2bd (size before relaxing)
 .debug_str     0x00001257      0x108 bin/obj/string.o
                                0x2b8 (size before relaxing)
 .debug_str     0x0000135f      0x455 bin/obj/descriptors.o
                                0x71c (size before relaxing)
 .debug_str     0x000017b4      0xa40 bin/obj/usb_cdc.o
                               0x16b2 (size before relaxing)
 .debug_str     0x000021f4      0x3fc bin/obj/usbd.o
                               0x1ebc (size before relaxing)

.comment        0x00000000       0x70
 .comment       0x00000000       0x70 bin/obj/startup_lpc11u_gnumake.o
                                 0x71 (size before relaxing)
 .comment       0x00000000       0x71 bin/obj/system_LPC11Uxx.o
 .comment       0x00000000       0x71 bin/obj/main.o
 .comment       0x00000000       0x71 bin/obj/delay.o
 .comment       0x00000000       0x71 bin/obj/fifo.o
 .comment       0x00000000       0x71 bin/obj/gpio.o
 .comment       0x00000000       0x71 bin/obj/stdio.o
 .comment       0x00000000       0x71 bin/obj/string.o
 .comment       0x00000000       0x71 bin/obj/descriptors.o
 .comment       0x00000000       0x71 bin/obj/usb_cdc.o
 .comment       0x00000000       0x71 bin/obj/usbd.o

.ARM.attributes
                0x00000000       0x31
 .ARM.attributes
                0x00000000       0x31 bin/obj/startup_lpc11u_gnumake.o
 .ARM.attributes
                0x00000031       0x31 bin/obj/system_LPC11Uxx.o
 .ARM.attributes
                0x00000062       0x31 bin/obj/main.o
 .ARM.attributes
                0x00000093       0x31 bin/obj/delay.o
 .ARM.attributes
                0x000000c4       0x31 bin/obj/fifo.o
 .ARM.attributes
                0x000000f5       0x31 bin/obj/gpio.o
 .ARM.attributes
                0x00000126       0x31 bin/obj/stdio.o
 .ARM.attributes
                0x00000157       0x31 bin/obj/string.o
 .ARM.attributes
                0x00000188       0x31 bin/obj/descriptors.o
 .ARM.attributes
                0x000001b9       0x31 bin/obj/usb_cdc.o
 .ARM.attributes
                0x000001ea       0x31 bin/obj/usbd.o
 .ARM.attributes
                0x0000021b       0x1e c:/program files (x86)/gnu tools arm embedded/4.9 2015q1/bin/../lib/gcc/arm-none-eabi/4.9.3/armv6-m\libgcc.a(_udivsi3.o)
 .ARM.attributes
                0x00000239       0x1e c:/program files (x86)/gnu tools arm embedded/4.9 2015q1/bin/../lib/gcc/arm-none-eabi/4.9.3/armv6-m\libgcc.a(_divsi3.o)
 .ARM.attributes
                0x00000257       0x1e c:/program files (x86)/gnu tools arm embedded/4.9 2015q1/bin/../lib/gcc/arm-none-eabi/4.9.3/armv6-m\libgcc.a(_dvmd_tls.o)
 .ARM.attributes
                0x00000275       0x1e c:/program files (x86)/gnu tools arm embedded/4.9 2015q1/bin/../lib/gcc/arm-none-eabi/4.9.3/armv6-m\libgcc.a(_arm_cmpdf2.o)
 .ARM.attributes
                0x00000293       0x2c c:/program files (x86)/gnu tools arm embedded/4.9 2015q1/bin/../lib/gcc/arm-none-eabi/4.9.3/armv6-m\libgcc.a(adddf3.o)
 .ARM.attributes
                0x000002bf       0x2c c:/program files (x86)/gnu tools arm embedded/4.9 2015q1/bin/../lib/gcc/arm-none-eabi/4.9.3/armv6-m\libgcc.a(divdf3.o)
 .ARM.attributes
                0x000002eb       0x2c c:/program files (x86)/gnu tools arm embedded/4.9 2015q1/bin/../lib/gcc/arm-none-eabi/4.9.3/armv6-m\libgcc.a(eqdf2.o)
 .ARM.attributes
                0x00000317       0x2c c:/program files (x86)/gnu tools arm embedded/4.9 2015q1/bin/../lib/gcc/arm-none-eabi/4.9.3/armv6-m\libgcc.a(gedf2.o)
 .ARM.attributes
                0x00000343       0x2c c:/program files (x86)/gnu tools arm embedded/4.9 2015q1/bin/../lib/gcc/arm-none-eabi/4.9.3/armv6-m\libgcc.a(ledf2.o)
 .ARM.attributes
                0x0000036f       0x2c c:/program files (x86)/gnu tools arm embedded/4.9 2015q1/bin/../lib/gcc/arm-none-eabi/4.9.3/armv6-m\libgcc.a(muldf3.o)
 .ARM.attributes
                0x0000039b       0x2c c:/program files (x86)/gnu tools arm embedded/4.9 2015q1/bin/../lib/gcc/arm-none-eabi/4.9.3/armv6-m\libgcc.a(subdf3.o)
 .ARM.attributes
                0x000003c7       0x2c c:/program files (x86)/gnu tools arm embedded/4.9 2015q1/bin/../lib/gcc/arm-none-eabi/4.9.3/armv6-m\libgcc.a(fixdfsi.o)
 .ARM.attributes
                0x000003f3       0x2c c:/program files (x86)/gnu tools arm embedded/4.9 2015q1/bin/../lib/gcc/arm-none-eabi/4.9.3/armv6-m\libgcc.a(floatsidf.o)
 .ARM.attributes
                0x0000041f       0x1e c:/program files (x86)/gnu tools arm embedded/4.9 2015q1/bin/../lib/gcc/arm-none-eabi/4.9.3/armv6-m\libgcc.a(_clzsi2.o)

.debug_frame    0x00000000      0x9fc
 .debug_frame   0x00000000       0x88 bin/obj/startup_lpc11u_gnumake.o
 .debug_frame   0x00000088       0x44 bin/obj/system_LPC11Uxx.o
 .debug_frame   0x000000cc       0x30 bin/obj/main.o
 .debug_frame   0x000000fc       0x84 bin/obj/delay.o
 .debug_frame   0x00000180       0x98 bin/obj/fifo.o
 .debug_frame   0x00000218       0xe0 bin/obj/gpio.o
 .debug_frame   0x000002f8      0x1dc bin/obj/stdio.o
 .debug_frame   0x000004d4      0x134 bin/obj/string.o
 .debug_frame   0x00000608      0x144 bin/obj/usb_cdc.o
 .debug_frame   0x0000074c       0x84 bin/obj/usbd.o
 .debug_frame   0x000007d0       0x20 c:/program files (x86)/gnu tools arm embedded/4.9 2015q1/bin/../lib/gcc/arm-none-eabi/4.9.3/armv6-m\libgcc.a(_udivsi3.o)
 .debug_frame   0x000007f0       0x20 c:/program files (x86)/gnu tools arm embedded/4.9 2015q1/bin/../lib/gcc/arm-none-eabi/4.9.3/armv6-m\libgcc.a(_divsi3.o)
 .debug_frame   0x00000810       0x38 c:/program files (x86)/gnu tools arm embedded/4.9 2015q1/bin/../lib/gcc/arm-none-eabi/4.9.3/armv6-m\libgcc.a(adddf3.o)
 .debug_frame   0x00000848       0x3c c:/program files (x86)/gnu tools arm embedded/4.9 2015q1/bin/../lib/gcc/arm-none-eabi/4.9.3/armv6-m\libgcc.a(divdf3.o)
 .debug_frame   0x00000884       0x38 c:/program files (x86)/gnu tools arm embedded/4.9 2015q1/bin/../lib/gcc/arm-none-eabi/4.9.3/armv6-m\libgcc.a(eqdf2.o)
 .debug_frame   0x000008bc       0x38 c:/program files (x86)/gnu tools arm embedded/4.9 2015q1/bin/../lib/gcc/arm-none-eabi/4.9.3/armv6-m\libgcc.a(gedf2.o)
 .debug_frame   0x000008f4       0x38 c:/program files (x86)/gnu tools arm embedded/4.9 2015q1/bin/../lib/gcc/arm-none-eabi/4.9.3/armv6-m\libgcc.a(ledf2.o)
 .debug_frame   0x0000092c       0x3c c:/program files (x86)/gnu tools arm embedded/4.9 2015q1/bin/../lib/gcc/arm-none-eabi/4.9.3/armv6-m\libgcc.a(muldf3.o)
 .debug_frame   0x00000968       0x3c c:/program files (x86)/gnu tools arm embedded/4.9 2015q1/bin/../lib/gcc/arm-none-eabi/4.9.3/armv6-m\libgcc.a(subdf3.o)
 .debug_frame   0x000009a4       0x2c c:/program files (x86)/gnu tools arm embedded/4.9 2015q1/bin/../lib/gcc/arm-none-eabi/4.9.3/armv6-m\libgcc.a(fixdfsi.o)
 .debug_frame   0x000009d0       0x2c c:/program files (x86)/gnu tools arm embedded/4.9 2015q1/bin/../lib/gcc/arm-none-eabi/4.9.3/armv6-m\libgcc.a(floatsidf.o)

.debug_loc      0x00000000     0x3465
 .debug_loc     0x00000000       0x8f bin/obj/system_LPC11Uxx.o
 .debug_loc     0x0000008f       0xab bin/obj/delay.o
 .debug_loc     0x0000013a      0x4d8 bin/obj/fifo.o
 .debug_loc     0x00000612      0x83a bin/obj/gpio.o
 .debug_loc     0x00000e4c     0x1663 bin/obj/stdio.o
 .debug_loc     0x000024af      0x9a1 bin/obj/string.o
 .debug_loc     0x00002e50      0x53d bin/obj/usb_cdc.o
 .debug_loc     0x0000338d       0xd8 bin/obj/usbd.o
