Archive member included because of file (symbol)

c:/program files (x86)/gnu tools arm embedded/4.9 2014q4/bin/../lib/gcc/arm-none-eabi/4.9.3/armv6-m\libgcc.a(_udivsi3.o)
                              bin/obj/system_LPC11Uxx.o (__aeabi_uidiv)
c:/program files (x86)/gnu tools arm embedded/4.9 2014q4/bin/../lib/gcc/arm-none-eabi/4.9.3/armv6-m\libgcc.a(_divsi3.o)
                              bin/obj/fifo.o (__aeabi_idivmod)
c:/program files (x86)/gnu tools arm embedded/4.9 2014q4/bin/../lib/gcc/arm-none-eabi/4.9.3/armv6-m\libgcc.a(_dvmd_tls.o)
                              c:/program files (x86)/gnu tools arm embedded/4.9 2014q4/bin/../lib/gcc/arm-none-eabi/4.9.3/armv6-m\libgcc.a(_udivsi3.o) (__aeabi_idiv0)
c:/program files (x86)/gnu tools arm embedded/4.9 2014q4/bin/../lib/gcc/arm-none-eabi/4.9.3/armv6-m\libgcc.a(_arm_cmpdf2.o)
                              bin/obj/stdio.o (__aeabi_dcmpeq)
c:/program files (x86)/gnu tools arm embedded/4.9 2014q4/bin/../lib/gcc/arm-none-eabi/4.9.3/armv6-m\libgcc.a(adddf3.o)
                              bin/obj/stdio.o (__aeabi_dadd)
c:/program files (x86)/gnu tools arm embedded/4.9 2014q4/bin/../lib/gcc/arm-none-eabi/4.9.3/armv6-m\libgcc.a(divdf3.o)
                              bin/obj/stdio.o (__aeabi_ddiv)
c:/program files (x86)/gnu tools arm embedded/4.9 2014q4/bin/../lib/gcc/arm-none-eabi/4.9.3/armv6-m\libgcc.a(eqdf2.o)
                              c:/program files (x86)/gnu tools arm embedded/4.9 2014q4/bin/../lib/gcc/arm-none-eabi/4.9.3/armv6-m\libgcc.a(_arm_cmpdf2.o) (__eqdf2)
c:/program files (x86)/gnu tools arm embedded/4.9 2014q4/bin/../lib/gcc/arm-none-eabi/4.9.3/armv6-m\libgcc.a(gedf2.o)
                              c:/program files (x86)/gnu tools arm embedded/4.9 2014q4/bin/../lib/gcc/arm-none-eabi/4.9.3/armv6-m\libgcc.a(_arm_cmpdf2.o) (__gedf2)
c:/program files (x86)/gnu tools arm embedded/4.9 2014q4/bin/../lib/gcc/arm-none-eabi/4.9.3/armv6-m\libgcc.a(ledf2.o)
                              c:/program files (x86)/gnu tools arm embedded/4.9 2014q4/bin/../lib/gcc/arm-none-eabi/4.9.3/armv6-m\libgcc.a(_arm_cmpdf2.o) (__ledf2)
c:/program files (x86)/gnu tools arm embedded/4.9 2014q4/bin/../lib/gcc/arm-none-eabi/4.9.3/armv6-m\libgcc.a(muldf3.o)
                              bin/obj/stdio.o (__aeabi_dmul)
c:/program files (x86)/gnu tools arm embedded/4.9 2014q4/bin/../lib/gcc/arm-none-eabi/4.9.3/armv6-m\libgcc.a(subdf3.o)
                              bin/obj/stdio.o (__aeabi_dsub)
c:/program files (x86)/gnu tools arm embedded/4.9 2014q4/bin/../lib/gcc/arm-none-eabi/4.9.3/armv6-m\libgcc.a(fixdfsi.o)
                              bin/obj/stdio.o (__aeabi_d2iz)
c:/program files (x86)/gnu tools arm embedded/4.9 2014q4/bin/../lib/gcc/arm-none-eabi/4.9.3/armv6-m\libgcc.a(floatsidf.o)
                              bin/obj/stdio.o (__aeabi_i2d)
c:/program files (x86)/gnu tools arm embedded/4.9 2014q4/bin/../lib/gcc/arm-none-eabi/4.9.3/armv6-m\libgcc.a(_clzsi2.o)
                              c:/program files (x86)/gnu tools arm embedded/4.9 2014q4/bin/../lib/gcc/arm-none-eabi/4.9.3/armv6-m\libgcc.a(adddf3.o) (__clzsi2)

Allocating common symbols
Common symbol       size              file

ff_cdc_tx_buffer    0x40              bin/obj/usb_cdc.o
ff_cdc_rx_buffer    0x40              bin/obj/usb_cdc.o
g_hUsb              0x4               bin/obj/usbd.o

Discarded input sections

 .text          0x00000000        0x0 bin/obj/startup_lpc11u_gnumake.o
 .data          0x00000000        0x0 bin/obj/startup_lpc11u_gnumake.o
 .bss           0x00000000        0x0 bin/obj/startup_lpc11u_gnumake.o
 .text          0x00000000        0x0 bin/obj/system_LPC11Uxx.o
 .data          0x00000000        0x0 bin/obj/system_LPC11Uxx.o
 .bss           0x00000000        0x0 bin/obj/system_LPC11Uxx.o
 .text.SystemInit
                0x00000000       0xe0 bin/obj/system_LPC11Uxx.o
 .text          0x00000000        0x0 bin/obj/printf-retarget.o
 .data          0x00000000        0x0 bin/obj/printf-retarget.o
 .bss           0x00000000        0x0 bin/obj/printf-retarget.o
 .text.__putchar
                0x00000000       0x24 bin/obj/printf-retarget.o
 .text.puts     0x00000000       0x1c bin/obj/printf-retarget.o
 .debug_info    0x00000000      0x171 bin/obj/printf-retarget.o
 .debug_abbrev  0x00000000      0x12a bin/obj/printf-retarget.o
 .debug_loc     0x00000000       0x3f bin/obj/printf-retarget.o
 .debug_aranges
                0x00000000       0x28 bin/obj/printf-retarget.o
 .debug_ranges  0x00000000       0x18 bin/obj/printf-retarget.o
 .debug_line    0x00000000      0x161 bin/obj/printf-retarget.o
 .debug_str     0x00000000      0x1ee bin/obj/printf-retarget.o
 .comment       0x00000000       0x71 bin/obj/printf-retarget.o
 .debug_frame   0x00000000       0x40 bin/obj/printf-retarget.o
 .ARM.attributes
                0x00000000       0x31 bin/obj/printf-retarget.o
 .text          0x00000000        0x0 bin/obj/main.o
 .data          0x00000000        0x0 bin/obj/main.o
 .bss           0x00000000        0x0 bin/obj/main.o
 .text          0x00000000        0x0 bin/obj/delay.o
 .data          0x00000000        0x0 bin/obj/delay.o
 .bss           0x00000000        0x0 bin/obj/delay.o
 .text.delayGetTicks
                0x00000000        0xc bin/obj/delay.o
 .text.delayGetRollovers
                0x00000000        0xc bin/obj/delay.o
 .text.delayGetSecondsActive
                0x00000000       0x28 bin/obj/delay.o
 .text          0x00000000        0x0 bin/obj/fifo.o
 .data          0x00000000        0x0 bin/obj/fifo.o
 .bss           0x00000000        0x0 bin/obj/fifo.o
 .text.fifo_read
                0x00000000       0x80 bin/obj/fifo.o
 .text.fifo_readArray
                0x00000000       0x30 bin/obj/fifo.o
 .text.fifo_peek
                0x00000000       0x48 bin/obj/fifo.o
 .text.fifo_write
                0x00000000       0x94 bin/obj/fifo.o
 .text.fifo_clear
                0x00000000       0x34 bin/obj/fifo.o
 .debug_info    0x00000000      0x7c0 bin/obj/fifo.o
 .debug_abbrev  0x00000000      0x2d2 bin/obj/fifo.o
 .debug_loc     0x00000000      0x4d8 bin/obj/fifo.o
 .debug_aranges
                0x00000000       0x40 bin/obj/fifo.o
 .debug_ranges  0x00000000       0xf0 bin/obj/fifo.o
 .debug_line    0x00000000      0x2f7 bin/obj/fifo.o
 .debug_str     0x00000000      0x538 bin/obj/fifo.o
 .comment       0x00000000       0x71 bin/obj/fifo.o
 .debug_frame   0x00000000       0x98 bin/obj/fifo.o
 .ARM.attributes
                0x00000000       0x31 bin/obj/fifo.o
 .text          0x00000000        0x0 bin/obj/gpio.o
 .data          0x00000000        0x0 bin/obj/gpio.o
 .bss           0x00000000        0x0 bin/obj/gpio.o
 .text.GPIOSetPinInterrupt
                0x00000000      0x16c bin/obj/gpio.o
 .rodata.GPIOSetPinInterrupt
                0x00000000       0x20 bin/obj/gpio.o
 .text.GPIOPinIntEnable
                0x00000000       0x28 bin/obj/gpio.o
 .text.GPIOPinIntDisable
                0x00000000       0x28 bin/obj/gpio.o
 .text.GPIOPinIntStatus
                0x00000000       0x18 bin/obj/gpio.o
 .text.GPIOPinIntClear
                0x00000000       0x14 bin/obj/gpio.o
 .text.GPIOSetGroupedInterrupt
                0x00000000       0xd4 bin/obj/gpio.o
 .text.GPIOGetPinValue
                0x00000000       0x3c bin/obj/gpio.o
 .text          0x00000000        0x0 bin/obj/stdio.o
 .data          0x00000000        0x0 bin/obj/stdio.o
 .bss           0x00000000        0x0 bin/obj/stdio.o
 .text.append_char
                0x00000000        0x8 bin/obj/stdio.o
 .text.PutString
                0x00000000       0x30 bin/obj/stdio.o
 .text.PutUnsignedInt
                0x00000000       0x58 bin/obj/stdio.o
 .text.PutSignedInt
                0x00000000       0x94 bin/obj/stdio.o
 .text.PutHexa  0x00000000       0x58 bin/obj/stdio.o
 .text.PutFloat
                0x00000000       0xa4 bin/obj/stdio.o
 .text.PutFloatE
                0x00000000      0x144 bin/obj/stdio.o
 .text.PutFloatEE
                0x00000000      0x140 bin/obj/stdio.o
 .text.vsnprintf
                0x00000000      0x218 bin/obj/stdio.o
 .rodata.vsnprintf
                0x00000000       0xd0 bin/obj/stdio.o
 .text.snprintf
                0x00000000       0x18 bin/obj/stdio.o
 .text.vsprintf
                0x00000000       0x10 bin/obj/stdio.o
 .text.vprintf  0x00000000       0x44 bin/obj/stdio.o
 .text.printf   0x00000000       0x18 bin/obj/stdio.o
 .text.sprintf  0x00000000       0x1c bin/obj/stdio.o
 .rodata.str1.4
                0x00000000       0x30 bin/obj/stdio.o
 .debug_info    0x00000000      0xdde bin/obj/stdio.o
 .debug_abbrev  0x00000000      0x2cc bin/obj/stdio.o
 .debug_loc     0x00000000     0x1663 bin/obj/stdio.o
 .debug_aranges
                0x00000000       0x88 bin/obj/stdio.o
 .debug_ranges  0x00000000      0x180 bin/obj/stdio.o
 .debug_line    0x00000000      0x427 bin/obj/stdio.o
 .debug_str     0x00000000      0x2bd bin/obj/stdio.o
 .comment       0x00000000       0x71 bin/obj/stdio.o
 .debug_frame   0x00000000      0x1dc bin/obj/stdio.o
 .ARM.attributes
                0x00000000       0x31 bin/obj/stdio.o
 .text          0x00000000        0x0 bin/obj/string.o
 .data          0x00000000        0x0 bin/obj/string.o
 .bss           0x00000000        0x0 bin/obj/string.o
 .text.memcpy   0x00000000       0x40 bin/obj/string.o
 .text.memset   0x00000000       0x44 bin/obj/string.o
 .text.memmove  0x00000000       0x30 bin/obj/string.o
 .text.memcmp   0x00000000       0x28 bin/obj/string.o
 .text.strchr   0x00000000       0x1c bin/obj/string.o
 .text.strlen   0x00000000       0x18 bin/obj/string.o
 .text.strrchr  0x00000000       0x1c bin/obj/string.o
 .text.strcpy   0x00000000       0x18 bin/obj/string.o
 .text.strncmp  0x00000000       0x30 bin/obj/string.o
 .text.strncpy  0x00000000       0x2c bin/obj/string.o
 .text.strcmp   0x00000000       0x1c bin/obj/string.o
 .text.strtok_r
                0x00000000       0x5c bin/obj/string.o
 .text.strtok   0x00000000       0x10 bin/obj/string.o
 .bss.last.4092
                0x00000000        0x4 bin/obj/string.o
 .debug_info    0x00000000      0x54c bin/obj/string.o
 .debug_abbrev  0x00000000      0x18a bin/obj/string.o
 .debug_loc     0x00000000      0x9a1 bin/obj/string.o
 .debug_aranges
                0x00000000       0x80 bin/obj/string.o
 .debug_ranges  0x00000000       0x70 bin/obj/string.o
 .debug_line    0x00000000      0x266 bin/obj/string.o
 .debug_str     0x00000000      0x2b8 bin/obj/string.o
 .comment       0x00000000       0x71 bin/obj/string.o
 .debug_frame   0x00000000      0x134 bin/obj/string.o
 .ARM.attributes
                0x00000000       0x31 bin/obj/string.o
 .text          0x00000000        0x0 bin/obj/descriptors.o
 .data          0x00000000        0x0 bin/obj/descriptors.o
 .bss           0x00000000        0x0 bin/obj/descriptors.o
 .data.USB_StringDescriptor
                0x00000000       0x7c bin/obj/descriptors.o
 .rodata.USB_FsConfigDescriptor
                0x00000000       0x40 bin/obj/descriptors.o
 .rodata.USB_DeviceDescriptor
                0x00000000       0x14 bin/obj/descriptors.o
 .debug_info    0x00000000      0x5b5 bin/obj/descriptors.o
 .debug_abbrev  0x00000000       0xc4 bin/obj/descriptors.o
 .debug_aranges
                0x00000000       0x18 bin/obj/descriptors.o
 .debug_line    0x00000000      0x143 bin/obj/descriptors.o
 .debug_str     0x00000000      0x71c bin/obj/descriptors.o
 .comment       0x00000000       0x71 bin/obj/descriptors.o
 .ARM.attributes
                0x00000000       0x31 bin/obj/descriptors.o
 .text          0x00000000        0x0 bin/obj/usb_cdc.o
 .data          0x00000000        0x0 bin/obj/usb_cdc.o
 .bss           0x00000000        0x0 bin/obj/usb_cdc.o
 .text.CDC_SendBreak
                0x00000000        0x4 bin/obj/usb_cdc.o
 .text.CDC_SetLineCoding
                0x00000000       0x1c bin/obj/usb_cdc.o
 .text.CDC_BulkIn_Hdlr
                0x00000000       0x44 bin/obj/usb_cdc.o
 .text.usb_cdc_recv_isr_default
                0x00000000        0x4 bin/obj/usb_cdc.o
 .text.CDC_BulkOut_Hdlr
                0x00000000       0x58 bin/obj/usb_cdc.o
 .text.usb_cdc_isConnected
                0x00000000        0xc bin/obj/usb_cdc.o
 .text.usb_cdc_putc
                0x00000000       0x44 bin/obj/usb_cdc.o
 .text.usb_cdc_getc
                0x00000000       0x18 bin/obj/usb_cdc.o
 .text.usb_cdc_send
                0x00000000       0x2c bin/obj/usb_cdc.o
 .text.usb_cdc_recv
                0x00000000       0x20 bin/obj/usb_cdc.o
 .text.usb_cdc_init
                0x00000000       0xc4 bin/obj/usb_cdc.o
 .text.usb_cdc_configured
                0x00000000       0x44 bin/obj/usb_cdc.o
 .data.ff_cdc_tx
                0x00000000       0x10 bin/obj/usb_cdc.o
 .bss.isConnected
                0x00000000        0x1 bin/obj/usb_cdc.o
 .bss.line_coding
                0x00000000        0x8 bin/obj/usb_cdc.o
 .data.ff_cdc_rx
                0x00000000       0x10 bin/obj/usb_cdc.o
 .bss.g_hCdc    0x00000000        0x4 bin/obj/usb_cdc.o
 .debug_info    0x00000000     0x1c58 bin/obj/usb_cdc.o
 .debug_abbrev  0x00000000      0x3f0 bin/obj/usb_cdc.o
 .debug_loc     0x00000000      0x53d bin/obj/usb_cdc.o
 .debug_aranges
                0x00000000       0x78 bin/obj/usb_cdc.o
 .debug_ranges  0x00000000       0x68 bin/obj/usb_cdc.o
 .debug_line    0x00000000      0x3c4 bin/obj/usb_cdc.o
 .debug_str     0x00000000     0x16b2 bin/obj/usb_cdc.o
 .comment       0x00000000       0x71 bin/obj/usb_cdc.o
 .debug_frame   0x00000000      0x144 bin/obj/usb_cdc.o
 .ARM.attributes
                0x00000000       0x31 bin/obj/usb_cdc.o
 COMMON         0x00000000       0x80 bin/obj/usb_cdc.o
 .text          0x00000000        0x0 bin/obj/usbd.o
 .data          0x00000000        0x0 bin/obj/usbd.o
 .bss           0x00000000        0x0 bin/obj/usbd.o
 .text.USB_Reset_Event
                0x00000000       0x10 bin/obj/usbd.o
 .text.USB_Configure_Event
                0x00000000       0x24 bin/obj/usbd.o
 .text.usb_isConfigured
                0x00000000        0xc bin/obj/usbd.o
 .text.usb_init
                0x00000000      0x190 bin/obj/usbd.o
 .rodata        0x00000000       0x14 bin/obj/usbd.o
 .rodata.str1.4
                0x00000000       0x30 bin/obj/usbd.o
 .data.usb_RomDriver_buffer
                0x00000000        0x4 bin/obj/usbd.o
 .bss.isConfigured
                0x00000000        0x1 bin/obj/usbd.o
 .data          0x00000000        0x0 c:/program files (x86)/gnu tools arm embedded/4.9 2014q4/bin/../lib/gcc/arm-none-eabi/4.9.3/armv6-m\libgcc.a(_udivsi3.o)
 .bss           0x00000000        0x0 c:/program files (x86)/gnu tools arm embedded/4.9 2014q4/bin/../lib/gcc/arm-none-eabi/4.9.3/armv6-m\libgcc.a(_udivsi3.o)
 .text          0x00000000      0x1e0 c:/program files (x86)/gnu tools arm embedded/4.9 2014q4/bin/../lib/gcc/arm-none-eabi/4.9.3/armv6-m\libgcc.a(_divsi3.o)
 .data          0x00000000        0x0 c:/program files (x86)/gnu tools arm embedded/4.9 2014q4/bin/../lib/gcc/arm-none-eabi/4.9.3/armv6-m\libgcc.a(_divsi3.o)
 .bss           0x00000000        0x0 c:/program files (x86)/gnu tools arm embedded/4.9 2014q4/bin/../lib/gcc/arm-none-eabi/4.9.3/armv6-m\libgcc.a(_divsi3.o)
 .debug_frame   0x00000000       0x20 c:/program files (x86)/gnu tools arm embedded/4.9 2014q4/bin/../lib/gcc/arm-none-eabi/4.9.3/armv6-m\libgcc.a(_divsi3.o)
 .ARM.attributes
                0x00000000       0x1e c:/program files (x86)/gnu tools arm embedded/4.9 2014q4/bin/../lib/gcc/arm-none-eabi/4.9.3/armv6-m\libgcc.a(_divsi3.o)
 .data          0x00000000        0x0 c:/program files (x86)/gnu tools arm embedded/4.9 2014q4/bin/../lib/gcc/arm-none-eabi/4.9.3/armv6-m\libgcc.a(_dvmd_tls.o)
 .bss           0x00000000        0x0 c:/program files (x86)/gnu tools arm embedded/4.9 2014q4/bin/../lib/gcc/arm-none-eabi/4.9.3/armv6-m\libgcc.a(_dvmd_tls.o)
 .text          0x00000000       0x7c c:/program files (x86)/gnu tools arm embedded/4.9 2014q4/bin/../lib/gcc/arm-none-eabi/4.9.3/armv6-m\libgcc.a(_arm_cmpdf2.o)
 .data          0x00000000        0x0 c:/program files (x86)/gnu tools arm embedded/4.9 2014q4/bin/../lib/gcc/arm-none-eabi/4.9.3/armv6-m\libgcc.a(_arm_cmpdf2.o)
 .bss           0x00000000        0x0 c:/program files (x86)/gnu tools arm embedded/4.9 2014q4/bin/../lib/gcc/arm-none-eabi/4.9.3/armv6-m\libgcc.a(_arm_cmpdf2.o)
 .ARM.attributes
                0x00000000       0x1e c:/program files (x86)/gnu tools arm embedded/4.9 2014q4/bin/../lib/gcc/arm-none-eabi/4.9.3/armv6-m\libgcc.a(_arm_cmpdf2.o)
 .text          0x00000000      0x650 c:/program files (x86)/gnu tools arm embedded/4.9 2014q4/bin/../lib/gcc/arm-none-eabi/4.9.3/armv6-m\libgcc.a(adddf3.o)
 .data          0x00000000        0x0 c:/program files (x86)/gnu tools arm embedded/4.9 2014q4/bin/../lib/gcc/arm-none-eabi/4.9.3/armv6-m\libgcc.a(adddf3.o)
 .bss           0x00000000        0x0 c:/program files (x86)/gnu tools arm embedded/4.9 2014q4/bin/../lib/gcc/arm-none-eabi/4.9.3/armv6-m\libgcc.a(adddf3.o)
 .debug_frame   0x00000000       0x38 c:/program files (x86)/gnu tools arm embedded/4.9 2014q4/bin/../lib/gcc/arm-none-eabi/4.9.3/armv6-m\libgcc.a(adddf3.o)
 .ARM.attributes
                0x00000000       0x2c c:/program files (x86)/gnu tools arm embedded/4.9 2014q4/bin/../lib/gcc/arm-none-eabi/4.9.3/armv6-m\libgcc.a(adddf3.o)
 .text          0x00000000      0x648 c:/program files (x86)/gnu tools arm embedded/4.9 2014q4/bin/../lib/gcc/arm-none-eabi/4.9.3/armv6-m\libgcc.a(divdf3.o)
 .data          0x00000000        0x0 c:/program files (x86)/gnu tools arm embedded/4.9 2014q4/bin/../lib/gcc/arm-none-eabi/4.9.3/armv6-m\libgcc.a(divdf3.o)
 .bss           0x00000000        0x0 c:/program files (x86)/gnu tools arm embedded/4.9 2014q4/bin/../lib/gcc/arm-none-eabi/4.9.3/armv6-m\libgcc.a(divdf3.o)
 .rodata        0x00000000       0x40 c:/program files (x86)/gnu tools arm embedded/4.9 2014q4/bin/../lib/gcc/arm-none-eabi/4.9.3/armv6-m\libgcc.a(divdf3.o)
 .debug_frame   0x00000000       0x3c c:/program files (x86)/gnu tools arm embedded/4.9 2014q4/bin/../lib/gcc/arm-none-eabi/4.9.3/armv6-m\libgcc.a(divdf3.o)
 .ARM.attributes
                0x00000000       0x2c c:/program files (x86)/gnu tools arm embedded/4.9 2014q4/bin/../lib/gcc/arm-none-eabi/4.9.3/armv6-m\libgcc.a(divdf3.o)
 .text          0x00000000       0x88 c:/program files (x86)/gnu tools arm embedded/4.9 2014q4/bin/../lib/gcc/arm-none-eabi/4.9.3/armv6-m\libgcc.a(eqdf2.o)
 .data          0x00000000        0x0 c:/program files (x86)/gnu tools arm embedded/4.9 2014q4/bin/../lib/gcc/arm-none-eabi/4.9.3/armv6-m\libgcc.a(eqdf2.o)
 .bss           0x00000000        0x0 c:/program files (x86)/gnu tools arm embedded/4.9 2014q4/bin/../lib/gcc/arm-none-eabi/4.9.3/armv6-m\libgcc.a(eqdf2.o)
 .debug_frame   0x00000000       0x38 c:/program files (x86)/gnu tools arm embedded/4.9 2014q4/bin/../lib/gcc/arm-none-eabi/4.9.3/armv6-m\libgcc.a(eqdf2.o)
 .ARM.attributes
                0x00000000       0x2c c:/program files (x86)/gnu tools arm embedded/4.9 2014q4/bin/../lib/gcc/arm-none-eabi/4.9.3/armv6-m\libgcc.a(eqdf2.o)
 .text          0x00000000       0xe0 c:/program files (x86)/gnu tools arm embedded/4.9 2014q4/bin/../lib/gcc/arm-none-eabi/4.9.3/armv6-m\libgcc.a(gedf2.o)
 .data          0x00000000        0x0 c:/program files (x86)/gnu tools arm embedded/4.9 2014q4/bin/../lib/gcc/arm-none-eabi/4.9.3/armv6-m\libgcc.a(gedf2.o)
 .bss           0x00000000        0x0 c:/program files (x86)/gnu tools arm embedded/4.9 2014q4/bin/../lib/gcc/arm-none-eabi/4.9.3/armv6-m\libgcc.a(gedf2.o)
 .debug_frame   0x00000000       0x38 c:/program files (x86)/gnu tools arm embedded/4.9 2014q4/bin/../lib/gcc/arm-none-eabi/4.9.3/armv6-m\libgcc.a(gedf2.o)
 .ARM.attributes
                0x00000000       0x2c c:/program files (x86)/gnu tools arm embedded/4.9 2014q4/bin/../lib/gcc/arm-none-eabi/4.9.3/armv6-m\libgcc.a(gedf2.o)
 .text          0x00000000       0xcc c:/program files (x86)/gnu tools arm embedded/4.9 2014q4/bin/../lib/gcc/arm-none-eabi/4.9.3/armv6-m\libgcc.a(ledf2.o)
 .data          0x00000000        0x0 c:/program files (x86)/gnu tools arm embedded/4.9 2014q4/bin/../lib/gcc/arm-none-eabi/4.9.3/armv6-m\libgcc.a(ledf2.o)
 .bss           0x00000000        0x0 c:/program files (x86)/gnu tools arm embedded/4.9 2014q4/bin/../lib/gcc/arm-none-eabi/4.9.3/armv6-m\libgcc.a(ledf2.o)
 .debug_frame   0x00000000       0x38 c:/program files (x86)/gnu tools arm embedded/4.9 2014q4/bin/../lib/gcc/arm-none-eabi/4.9.3/armv6-m\libgcc.a(ledf2.o)
 .ARM.attributes
                0x00000000       0x2c c:/program files (x86)/gnu tools arm embedded/4.9 2014q4/bin/../lib/gcc/arm-none-eabi/4.9.3/armv6-m\libgcc.a(ledf2.o)
 .text          0x00000000      0x534 c:/program files (x86)/gnu tools arm embedded/4.9 2014q4/bin/../lib/gcc/arm-none-eabi/4.9.3/armv6-m\libgcc.a(muldf3.o)
 .data          0x00000000        0x0 c:/program files (x86)/gnu tools arm embedded/4.9 2014q4/bin/../lib/gcc/arm-none-eabi/4.9.3/armv6-m\libgcc.a(muldf3.o)
 .bss           0x00000000        0x0 c:/program files (x86)/gnu tools arm embedded/4.9 2014q4/bin/../lib/gcc/arm-none-eabi/4.9.3/armv6-m\libgcc.a(muldf3.o)
 .rodata        0x00000000       0x40 c:/program files (x86)/gnu tools arm embedded/4.9 2014q4/bin/../lib/gcc/arm-none-eabi/4.9.3/armv6-m\libgcc.a(muldf3.o)
 .debug_frame   0x00000000       0x3c c:/program files (x86)/gnu tools arm embedded/4.9 2014q4/bin/../lib/gcc/arm-none-eabi/4.9.3/armv6-m\libgcc.a(muldf3.o)
 .ARM.attributes
                0x00000000       0x2c c:/program files (x86)/gnu tools arm embedded/4.9 2014q4/bin/../lib/gcc/arm-none-eabi/4.9.3/armv6-m\libgcc.a(muldf3.o)
 .text          0x00000000      0x6f4 c:/program files (x86)/gnu tools arm embedded/4.9 2014q4/bin/../lib/gcc/arm-none-eabi/4.9.3/armv6-m\libgcc.a(subdf3.o)
 .data          0x00000000        0x0 c:/program files (x86)/gnu tools arm embedded/4.9 2014q4/bin/../lib/gcc/arm-none-eabi/4.9.3/armv6-m\libgcc.a(subdf3.o)
 .bss           0x00000000        0x0 c:/program files (x86)/gnu tools arm embedded/4.9 2014q4/bin/../lib/gcc/arm-none-eabi/4.9.3/armv6-m\libgcc.a(subdf3.o)
 .debug_frame   0x00000000       0x3c c:/program files (x86)/gnu tools arm embedded/4.9 2014q4/bin/../lib/gcc/arm-none-eabi/4.9.3/armv6-m\libgcc.a(subdf3.o)
 .ARM.attributes
                0x00000000       0x2c c:/program files (x86)/gnu tools arm embedded/4.9 2014q4/bin/../lib/gcc/arm-none-eabi/4.9.3/armv6-m\libgcc.a(subdf3.o)
 .text          0x00000000       0x6c c:/program files (x86)/gnu tools arm embedded/4.9 2014q4/bin/../lib/gcc/arm-none-eabi/4.9.3/armv6-m\libgcc.a(fixdfsi.o)
 .data          0x00000000        0x0 c:/program files (x86)/gnu tools arm embedded/4.9 2014q4/bin/../lib/gcc/arm-none-eabi/4.9.3/armv6-m\libgcc.a(fixdfsi.o)
 .bss           0x00000000        0x0 c:/program files (x86)/gnu tools arm embedded/4.9 2014q4/bin/../lib/gcc/arm-none-eabi/4.9.3/armv6-m\libgcc.a(fixdfsi.o)
 .debug_frame   0x00000000       0x2c c:/program files (x86)/gnu tools arm embedded/4.9 2014q4/bin/../lib/gcc/arm-none-eabi/4.9.3/armv6-m\libgcc.a(fixdfsi.o)
 .ARM.attributes
                0x00000000       0x2c c:/program files (x86)/gnu tools arm embedded/4.9 2014q4/bin/../lib/gcc/arm-none-eabi/4.9.3/armv6-m\libgcc.a(fixdfsi.o)
 .text          0x00000000       0x78 c:/program files (x86)/gnu tools arm embedded/4.9 2014q4/bin/../lib/gcc/arm-none-eabi/4.9.3/armv6-m\libgcc.a(floatsidf.o)
 .data          0x00000000        0x0 c:/program files (x86)/gnu tools arm embedded/4.9 2014q4/bin/../lib/gcc/arm-none-eabi/4.9.3/armv6-m\libgcc.a(floatsidf.o)
 .bss           0x00000000        0x0 c:/program files (x86)/gnu tools arm embedded/4.9 2014q4/bin/../lib/gcc/arm-none-eabi/4.9.3/armv6-m\libgcc.a(floatsidf.o)
 .debug_frame   0x00000000       0x2c c:/program files (x86)/gnu tools arm embedded/4.9 2014q4/bin/../lib/gcc/arm-none-eabi/4.9.3/armv6-m\libgcc.a(floatsidf.o)
 .ARM.attributes
                0x00000000       0x2c c:/program files (x86)/gnu tools arm embedded/4.9 2014q4/bin/../lib/gcc/arm-none-eabi/4.9.3/armv6-m\libgcc.a(floatsidf.o)
 .text          0x00000000       0x3c c:/program files (x86)/gnu tools arm embedded/4.9 2014q4/bin/../lib/gcc/arm-none-eabi/4.9.3/armv6-m\libgcc.a(_clzsi2.o)
 .data          0x00000000        0x0 c:/program files (x86)/gnu tools arm embedded/4.9 2014q4/bin/../lib/gcc/arm-none-eabi/4.9.3/armv6-m\libgcc.a(_clzsi2.o)
 .bss           0x00000000        0x0 c:/program files (x86)/gnu tools arm embedded/4.9 2014q4/bin/../lib/gcc/arm-none-eabi/4.9.3/armv6-m\libgcc.a(_clzsi2.o)
 .ARM.attributes
                0x00000000       0x1e c:/program files (x86)/gnu tools arm embedded/4.9 2014q4/bin/../lib/gcc/arm-none-eabi/4.9.3/armv6-m\libgcc.a(_clzsi2.o)

Memory Configuration

Name             Origin             Length             Attributes
irom             0x00000000         0x00040000         xr
isram            0x10000000         0x00008000         xrw
*default*        0x00000000         0xffffffff

Linker script and memory map

LOAD c:/program files (x86)/gnu tools arm embedded/4.9 2014q4/bin/../lib/gcc/arm-none-eabi/4.9.3/../../../../arm-none-eabi/lib/armv6-m\libm.a
LOAD bin/obj/startup_lpc11u_gnumake.o
LOAD bin/obj/system_LPC11Uxx.o
LOAD bin/obj/printf-retarget.o
LOAD bin/obj/main.o
LOAD bin/obj/delay.o
LOAD bin/obj/fifo.o
LOAD bin/obj/gpio.o
LOAD bin/obj/stdio.o
LOAD bin/obj/string.o
LOAD bin/obj/descriptors.o
LOAD bin/obj/usb_cdc.o
LOAD bin/obj/usbd.o
LOAD c:/program files (x86)/gnu tools arm embedded/4.9 2014q4/bin/../lib/gcc/arm-none-eabi/4.9.3/../../../../arm-none-eabi/lib/armv6-m\libm.a
START GROUP
LOAD c:/program files (x86)/gnu tools arm embedded/4.9 2014q4/bin/../lib/gcc/arm-none-eabi/4.9.3/armv6-m\libgcc.a
LOAD c:/program files (x86)/gnu tools arm embedded/4.9 2014q4/bin/../lib/gcc/arm-none-eabi/4.9.3/../../../../arm-none-eabi/lib/armv6-m\libc.a
END GROUP
                0x00000000                __StackTop = 0x0

.text           0x00000000      0x478
                0x00000000                __text_start = .
 FILL mask 0xff
 *(.isr_vector_table)
 .isr_vector_table
                0x00000000       0xc0 bin/obj/startup_lpc11u_gnumake.o
                0x00000000                Vectors
 *(.after_vectors*)
 .after_vectors
                0x000000c0       0x20 bin/obj/startup_lpc11u_gnumake.o
                0x000000c0                NMI_Handler
                0x000000c4                HardFault_Handler
                0x000000c8                SVC_Handler
                0x000000cc                PendSV_Handler
                0x000000d4                UART_IRQHandler
                0x000000d4                TIMER32_0_IRQHandler
                0x000000d4                FLEX_INT7_IRQHandler
                0x000000d4                TIMER32_1_IRQHandler
                0x000000d4                FLEX_INT1_IRQHandler
                0x000000d4                IntDefaultHandler
                0x000000d4                SSP0_IRQHandler
                0x000000d4                FMC_IRQHandler
                0x000000d4                USBWakeup_IRQHandler
                0x000000d4                FLEX_INT0_IRQHandler
                0x000000d4                FLEX_INT2_IRQHandler
                0x000000d4                TIMER16_1_IRQHandler
                0x000000d4                USB_FIQHandler
                0x000000d4                FLEX_INT5_IRQHandler
                0x000000d4                ADC_IRQHandler
                0x000000d4                SSP1_IRQHandler
                0x000000d4                FLEX_INT3_IRQHandler
                0x000000d4                BOD_IRQHandler
                0x000000d4                I2C_IRQHandler
                0x000000d4                WDT_IRQHandler
                0x000000d4                TIMER16_0_IRQHandler
                0x000000d4                GINT0_IRQHandler
                0x000000d4                FLEX_INT4_IRQHandler
                0x000000d4                FLEX_INT6_IRQHandler
                0x000000d4                GINT1_IRQHandler
                0x000000d8                Reset_Handler
 *(.text*)
 .text.SystemCoreClockUpdate
                0x000000e0       0xa0 bin/obj/system_LPC11Uxx.o
                0x000000e0                SystemCoreClockUpdate
 .text.startup.main
                0x00000180       0x6c bin/obj/main.o
                0x00000180                main
 .text.SysTick_Handler
                0x000001ec       0x20 bin/obj/delay.o
                0x000001ec                SysTick_Handler
 .text.delayInit
                0x0000020c       0x4c bin/obj/delay.o
                0x0000020c                delayInit
 .text.delay    0x00000258       0x3c bin/obj/delay.o
                0x00000258                delay
 .text.GPIOInit
                0x00000294       0x1c bin/obj/gpio.o
                0x00000294                GPIOInit
 .text.GPIOSetBitValue
                0x000002b0       0x20 bin/obj/gpio.o
                0x000002b0                GPIOSetBitValue
 .text.GPIOSetDir
                0x000002d0       0x2c bin/obj/gpio.o
                0x000002d0                GPIOSetDir
 .text.USB_IRQHandler
                0x000002fc       0x1c bin/obj/usbd.o
                0x000002fc                USB_IRQHandler
 .text          0x00000318      0x120 c:/program files (x86)/gnu tools arm embedded/4.9 2014q4/bin/../lib/gcc/arm-none-eabi/4.9.3/armv6-m\libgcc.a(_udivsi3.o)
                0x00000318                __aeabi_uidiv
                0x00000318                __udivsi3
                0x00000424                __aeabi_uidivmod
 .text          0x00000438        0x4 c:/program files (x86)/gnu tools arm embedded/4.9 2014q4/bin/../lib/gcc/arm-none-eabi/4.9.3/armv6-m\libgcc.a(_dvmd_tls.o)
                0x00000438                __aeabi_idiv0
                0x00000438                __aeabi_ldiv0
 *(.rodata .rodata.*)
 .rodata.CSWTCH.9
                0x0000043c       0x3c bin/obj/system_LPC11Uxx.o
                0x00000478                . = ALIGN (0x4)
                0x00000478                __text_end = .
                0x00000478                PROVIDE (_pvHeapStart, .)
OUTPUT(bin/firmware.elf elf32-littlearm)

.glue_7         0x00000478        0x0
 .glue_7        0x00000000        0x0 linker stubs

.glue_7t        0x00000478        0x0
 .glue_7t       0x00000000        0x0 linker stubs

.vfp11_veneer   0x00000478        0x0
 .vfp11_veneer  0x00000000        0x0 linker stubs

.v4_bx          0x00000478        0x0
 .v4_bx         0x00000000        0x0 linker stubs

.iplt           0x00000478        0x0
 .iplt          0x00000000        0x0 bin/obj/startup_lpc11u_gnumake.o

.igot.plt       0x00000478        0x0
 .igot.plt      0x00000000        0x0 bin/obj/startup_lpc11u_gnumake.o

.data.SystemCoreClock
                0x00000478        0x4
 .data.SystemCoreClock
                0x00000478        0x4 bin/obj/system_LPC11Uxx.o
                0x00000478                SystemCoreClock

.rel.dyn        0x0000047c        0x0
 .rel.iplt      0x00000000        0x0 bin/obj/startup_lpc11u_gnumake.o

.bss.Cur_State  0x0000047c        0x1
 .bss.Cur_State
                0x0000047c        0x1 bin/obj/main.o
                0x0000047c                Cur_State

.bss.TimeTick   0x00000480        0x4
 .bss.TimeTick  0x00000480        0x4 bin/obj/main.o
                0x00000480                TimeTick

.bss.delayRollovers
                0x00000484        0x4
 .bss.delayRollovers
                0x00000484        0x4 bin/obj/delay.o
                0x00000484                delayRollovers

.bss.delayTicks
                0x00000488        0x4
 .bss.delayTicks
                0x00000488        0x4 bin/obj/delay.o
                0x00000488                delayTicks

.debug_info     0x00000000     0x4173
 .debug_info    0x00000000      0x13c bin/obj/startup_lpc11u_gnumake.o
 .debug_info    0x0000013c      0x548 bin/obj/system_LPC11Uxx.o
 .debug_info    0x00000684      0x1d3 bin/obj/main.o
 .debug_info    0x00000857      0x4c1 bin/obj/delay.o
 .debug_info    0x00000d18      0xdf0 bin/obj/gpio.o
 .debug_info    0x00001b08     0x266b bin/obj/usbd.o

.debug_abbrev   0x00000000      0xa08
 .debug_abbrev  0x00000000       0xdd bin/obj/startup_lpc11u_gnumake.o
 .debug_abbrev  0x000000dd      0x110 bin/obj/system_LPC11Uxx.o
 .debug_abbrev  0x000001ed       0xd6 bin/obj/main.o
 .debug_abbrev  0x000002c3      0x1e0 bin/obj/delay.o
 .debug_abbrev  0x000004a3      0x254 bin/obj/gpio.o
 .debug_abbrev  0x000006f7      0x311 bin/obj/usbd.o

.debug_aranges  0x00000000      0x188
 .debug_aranges
                0x00000000       0x50 bin/obj/startup_lpc11u_gnumake.o
 .debug_aranges
                0x00000050       0x28 bin/obj/system_LPC11Uxx.o
 .debug_aranges
                0x00000078       0x20 bin/obj/main.o
 .debug_aranges
                0x00000098       0x48 bin/obj/delay.o
 .debug_aranges
                0x000000e0       0x68 bin/obj/gpio.o
 .debug_aranges
                0x00000148       0x40 bin/obj/usbd.o

.debug_ranges   0x00000000      0x160
 .debug_ranges  0x00000000       0x40 bin/obj/startup_lpc11u_gnumake.o
 .debug_ranges  0x00000040       0x18 bin/obj/system_LPC11Uxx.o
 .debug_ranges  0x00000058       0x10 bin/obj/main.o
 .debug_ranges  0x00000068       0x50 bin/obj/delay.o
 .debug_ranges  0x000000b8       0x58 bin/obj/gpio.o
 .debug_ranges  0x00000110       0x50 bin/obj/usbd.o

.debug_line     0x00000000      0xbd7
 .debug_line    0x00000000       0x80 bin/obj/startup_lpc11u_gnumake.o
 .debug_line    0x00000080      0x1bc bin/obj/system_LPC11Uxx.o
 .debug_line    0x0000023c      0x159 bin/obj/main.o
 .debug_line    0x00000395      0x1eb bin/obj/delay.o
 .debug_line    0x00000580      0x2c5 bin/obj/gpio.o
 .debug_line    0x00000845      0x392 bin/obj/usbd.o

.debug_str      0x00000000     0x2022
 .debug_str     0x00000000      0x1e6 bin/obj/startup_lpc11u_gnumake.o
                                0x21a (size before relaxing)
 .debug_str     0x000001e6      0x2c6 bin/obj/system_LPC11Uxx.o
                                0x449 (size before relaxing)
 .debug_str     0x000004ac       0x5c bin/obj/main.o
                                0x212 (size before relaxing)
 .debug_str     0x00000508      0x31a bin/obj/delay.o
                                0x519 (size before relaxing)
 .debug_str     0x00000822      0x18e bin/obj/gpio.o
                                0x808 (size before relaxing)
 .debug_str     0x000009b0     0x1672 bin/obj/usbd.o
                               0x1ebc (size before relaxing)

.comment        0x00000000       0x70
 .comment       0x00000000       0x70 bin/obj/startup_lpc11u_gnumake.o
                                 0x71 (size before relaxing)
 .comment       0x00000000       0x71 bin/obj/system_LPC11Uxx.o
 .comment       0x00000000       0x71 bin/obj/main.o
 .comment       0x00000000       0x71 bin/obj/delay.o
 .comment       0x00000000       0x71 bin/obj/gpio.o
 .comment       0x00000000       0x71 bin/obj/usbd.o

.ARM.attributes
                0x00000000       0x31
 .ARM.attributes
                0x00000000       0x31 bin/obj/startup_lpc11u_gnumake.o
 .ARM.attributes
                0x00000031       0x31 bin/obj/system_LPC11Uxx.o
 .ARM.attributes
                0x00000062       0x31 bin/obj/main.o
 .ARM.attributes
                0x00000093       0x31 bin/obj/delay.o
 .ARM.attributes
                0x000000c4       0x31 bin/obj/gpio.o
 .ARM.attributes
                0x000000f5       0x31 bin/obj/usbd.o
 .ARM.attributes
                0x00000126       0x1e c:/program files (x86)/gnu tools arm embedded/4.9 2014q4/bin/../lib/gcc/arm-none-eabi/4.9.3/armv6-m\libgcc.a(_udivsi3.o)
 .ARM.attributes
                0x00000144       0x1e c:/program files (x86)/gnu tools arm embedded/4.9 2014q4/bin/../lib/gcc/arm-none-eabi/4.9.3/armv6-m\libgcc.a(_dvmd_tls.o)

.debug_frame    0x00000000      0x304
 .debug_frame   0x00000000       0x88 bin/obj/startup_lpc11u_gnumake.o
 .debug_frame   0x00000088       0x44 bin/obj/system_LPC11Uxx.o
 .debug_frame   0x000000cc       0x30 bin/obj/main.o
 .debug_frame   0x000000fc       0x84 bin/obj/delay.o
 .debug_frame   0x00000180       0xe0 bin/obj/gpio.o
 .debug_frame   0x00000260       0x84 bin/obj/usbd.o
 .debug_frame   0x000002e4       0x20 c:/program files (x86)/gnu tools arm embedded/4.9 2014q4/bin/../lib/gcc/arm-none-eabi/4.9.3/armv6-m\libgcc.a(_udivsi3.o)

.debug_loc      0x00000000      0xa4c
 .debug_loc     0x00000000       0x8f bin/obj/system_LPC11Uxx.o
 .debug_loc     0x0000008f       0xab bin/obj/delay.o
 .debug_loc     0x0000013a      0x83a bin/obj/gpio.o
 .debug_loc     0x00000974       0xd8 bin/obj/usbd.o

.bss            0x10000000        0x4
 COMMON         0x10000000        0x4 bin/obj/usbd.o
                0x10000000                g_hUsb
